<html><body><form wicket:id="outerForm" id="outerForm1" method="post" action="./page?0-1.-outerForm">  <input type="submit" wicket:id="outerSubmit" name="outerSubmit" id="outerSubmit2"/>  <div wicket:id="innerForm" id="innerForm3"><input type="submit" wicket:id="innerSubmit" name="innerForm:innerSubmit" id="innerSubmit4"/></div></form></body></html>